#-----------------------------------------------------------
# Webtalk v2018.2.1 (64-bit)
# SW Build 2288692 on Thu Jul 26 18:23:50 MDT 2018
# IP Build 2289599 on Thu Jul 26 21:09:20 MDT 2018
# Start of session at: Tue Oct 16 13:22:24 2018
# Process ID: 5659
# Current directory: /home/exposedbuckle48/Documents/Semester_5/DSD/Lab_2/Lab_2_Project/Lab_2_Project.sim/sim_1/behav/xsim
# Command line: wbtcv -mode batch -source /home/exposedbuckle48/Documents/Semester_5/DSD/Lab_2/Lab_2_Project/Lab_2_Project.sim/sim_1/behav/xsim/xsim.dir/Add_rca_16_TestBench_behav/webtalk/xsim_webtalk.tcl -notrace
# Log file: /home/exposedbuckle48/Documents/Semester_5/DSD/Lab_2/Lab_2_Project/Lab_2_Project.sim/sim_1/behav/xsim/webtalk.log
# Journal file: /home/exposedbuckle48/Documents/Semester_5/DSD/Lab_2/Lab_2_Project/Lab_2_Project.sim/sim_1/behav/xsim/webtalk.jou
#-----------------------------------------------------------
source /home/exposedbuckle48/Documents/Semester_5/DSD/Lab_2/Lab_2_Project/Lab_2_Project.sim/sim_1/behav/xsim/xsim.dir/Add_rca_16_TestBench_behav/webtalk/xsim_webtalk.tcl -notrace
