#-----------------------------------------------------------
# Vivado v2018.2 (64-bit)
# SW Build 2258646 on Thu Jun 14 20:03:12 MDT 2018
# IP Build 2256618 on Thu Jun 14 22:10:49 MDT 2018
# Start of session at: Sat Nov 17 11:30:31 2018
# Process ID: 11516
# Current directory: C:/Teaching_Materials/CEE-325 Fall 2018/Week 13 Digital CLock/New_LCD_Revised/Basys_3_LCD_Example_Revised/LCD/Counter_99_00/Counter_99_00.runs/synth_1
# Command line: vivado.exe -log Counter_99_00.vds -product Vivado -mode batch -messageDb vivado.pb -notrace -source Counter_99_00.tcl
# Log file: C:/Teaching_Materials/CEE-325 Fall 2018/Week 13 Digital CLock/New_LCD_Revised/Basys_3_LCD_Example_Revised/LCD/Counter_99_00/Counter_99_00.runs/synth_1/Counter_99_00.vds
# Journal file: C:/Teaching_Materials/CEE-325 Fall 2018/Week 13 Digital CLock/New_LCD_Revised/Basys_3_LCD_Example_Revised/LCD/Counter_99_00/Counter_99_00.runs/synth_1\vivado.jou
#-----------------------------------------------------------
source Counter_99_00.tcl -notrace
